82.202.188.2 - - [02/Jun/2021:03:16:13 +0400] "GET /api/underwriting/maintenance HTTP/1.1" 200 100 "https://aswa.am/login" "Mozilla/5.0 (Windows NT 6.1; Win64; x64) AppleWebKit/537.36 (KHTML, like Gecko) Chrome/91.0.4472.77 Safari/537.36" "5.77.162.46" 0.018 0.018 .
82.202.188.2 - - [02/Jun/2021:03:16:13 +0400] "GET /api/underwriting/public/resources/rp/internalDbUsageEnabled HTTP/1.1" 200 36 "https://aswa.am/underwriting/contract/create/9645615/20002376/draft?errorCode=0&orderStatus=2&orderId=a39f0c8a-0d1a-422b-a49e-92a807eff7b5" "Mozilla/5.0 (Windows NT 6.1; Win64; x64) AppleWebKit/537.36 (KHTML, like Gecko) Chrome/91.0.4472.77 Safari/537.36" "5.77.162.46" 0.029 0.030 .
82.202.188.2 - - [02/Jun/2021:03:16:13 +0400] "GET /api/underwriting/maintenance/systemNotification HTTP/1.1" 200 901 "https://aswa.am/login" "Mozilla/5.0 (Windows NT 6.1; Win64; x64) AppleWebKit/537.36 (KHTML, like Gecko) Chrome/91.0.4472.77 Safari/537.36" "5.77.162.46" 0.016 0.016 .
82.202.188.2 - - [02/Jun/2021:03:16:13 +0400] "GET /api/um/system/profile HTTP/1.1" 200 2354 "https://aswa.am/underwriting/contract/create/9645615/20002376/draft?errorCode=0&orderStatus=2&orderId=a39f0c8a-0d1a-422b-a49e-92a807eff7b5" "Mozilla/5.0 (Windows NT 6.1; Win64; x64) AppleWebKit/537.36 (KHTML, like Gecko) Chrome/91.0.4472.77 Safari/537.36" "5.77.162.46" 0.058 0.058 .
82.202.188.2 - - [02/Jun/2021:03:16:14 +0400] "GET /api/metadata/product-metadata HTTP/1.1" 200 141 "https://aswa.am/underwriting/contract/create/9645615/20002376/draft?errorCode=0&orderStatus=2&orderId=a39f0c8a-0d1a-422b-a49e-92a807eff7b5" "Mozilla/5.0 (Windows NT 6.1; Win64; x64) AppleWebKit/537.36 (KHTML, like Gecko) Chrome/91.0.4472.77 Safari/537.36" "5.77.162.46" 0.015 0.015 .
82.202.188.2 - - [02/Jun/2021:03:16:14 +0400] "GET /api/underwriting/contracts/9645615?userDataId=20002376 HTTP/1.1" 200 3138 "https://aswa.am/underwriting/contract/create/9645615/20002376/draft?errorCode=0&orderStatus=2&orderId=a39f0c8a-0d1a-422b-a49e-92a807eff7b5" "Mozilla/5.0 (Windows NT 6.1; Win64; x64) AppleWebKit/537.36 (KHTML, like Gecko) Chrome/91.0.4472.77 Safari/537.36" "5.77.162.46" 0.037 0.038 .
82.202.188.2 - - [02/Jun/2021:03:16:14 +0400] "GET /api/underwriting/public/resources/countries HTTP/1.1" 200 15845 "https://aswa.am/underwriting/contract/create/9645615/20002376/draft?errorCode=0&orderStatus=2&orderId=a39f0c8a-0d1a-422b-a49e-92a807eff7b5" "Mozilla/5.0 (Windows NT 6.1; Win64; x64) AppleWebKit/537.36 (KHTML, like Gecko) Chrome/91.0.4472.77 Safari/537.36" "5.77.162.46" 0.016 0.015 .
82.202.188.2 - - [02/Jun/2021:03:16:14 +0400] "GET /api/underwriting/public/resources/phonePrefixes HTTP/1.1" 200 307 "https://aswa.am/underwriting/contract/create/9645615/20002376/draft?errorCode=0&orderStatus=2&orderId=a39f0c8a-0d1a-422b-a49e-92a807eff7b5" "Mozilla/5.0 (Windows NT 6.1; Win64; x64) AppleWebKit/537.36 (KHTML, like Gecko) Chrome/91.0.4472.77 Safari/537.36" "5.77.162.46" 0.014 0.014 .
82.202.188.2 - - [02/Jun/2021:03:16:14 +0400] "GET /api/underwriting/public/resources/banks?isVisible=true HTTP/1.1" 200 4251 "https://aswa.am/underwriting/contract/create/9645615/20002376/draft?errorCode=0&orderStatus=2&orderId=a39f0c8a-0d1a-422b-a49e-92a807eff7b5" "Mozilla/5.0 (Windows NT 6.1; Win64; x64) AppleWebKit/537.36 (KHTML, like Gecko) Chrome/91.0.4472.77 Safari/537.36" "5.77.162.46" 0.014 0.015 .
82.202.188.2 - - [02/Jun/2021:03:16:14 +0400] "GET /api/underwriting/public/resources/policyHolders/legal/types HTTP/1.1" 200 637 "https://aswa.am/underwriting/contract/create/9645615/20002376/draft?errorCode=0&orderStatus=2&orderId=a39f0c8a-0d1a-422b-a49e-92a807eff7b5" "Mozilla/5.0 (Windows NT 6.1; Win64; x64) AppleWebKit/537.36 (KHTML, like Gecko) Chrome/91.0.4472.77 Safari/537.36" "5.77.162.46" 0.011 0.011 .
82.202.188.2 - - [02/Jun/2021:03:16:15 +0400] "GET /api/underwriting/public/resources/regions?countryId=79 HTTP/1.1" 200 33 "https://aswa.am/underwriting/contract/create/9645615/20002376/draft?errorCode=0&orderStatus=2&orderId=a39f0c8a-0d1a-422b-a49e-92a807eff7b5" "Mozilla/5.0 (Windows NT 6.1; Win64; x64) AppleWebKit/537.36 (KHTML, like Gecko) Chrome/91.0.4472.77 Safari/537.36" "5.77.162.46" 0.012 0.012 .
82.202.188.2 - - [02/Jun/2021:03:16:15 +0400] "GET /api/um/users/permissions/ids_map HTTP/1.1" 200 1807 "https://aswa.am/underwriting/contract/create/9645615/20002376/draft?errorCode=0&orderStatus=2&orderId=a39f0c8a-0d1a-422b-a49e-92a807eff7b5" "Mozilla/5.0 (Windows NT 6.1; Win64; x64) AppleWebKit/537.36 (KHTML, like Gecko) Chrome/91.0.4472.77 Safari/537.36" "5.77.162.46" 0.019 0.019 .
82.202.188.2 - - [02/Jun/2021:03:16:15 +0400] "GET /api/um/insuranceCompanies/findByUserId?userId=20002050 HTTP/1.1" 200 1363 "https://aswa.am/underwriting/contract/create/9645615/20002376/draft?errorCode=0&orderStatus=2&orderId=a39f0c8a-0d1a-422b-a49e-92a807eff7b5" "Mozilla/5.0 (Windows NT 6.1; Win64; x64) AppleWebKit/537.36 (KHTML, like Gecko) Chrome/91.0.4472.77 Safari/537.36" "5.77.162.46" 0.025 0.025 .
82.202.188.7 - - [02/Jun/2021:03:16:15 +0400] "GET /api/do/do/133362/files/4379572/info?profileId=18 HTTP/1.1" 200 492 "https://aswa.am/claim-management/evaluation/view/DP21048974/18?backState=workspace.claim-management.damage-evaluation&backStateParams=%7B%22%23%22:null,%22hasDropdown%22:true,%22activeCM%22:0,%22state%22:%7B%22filterRows%22:%7B%220%22:%7B%22evaluationStatus%22:%22NEW%22%7D%7D%7D%7D" "Mozilla/5.0 (Windows NT 10.0; Win64; x64) AppleWebKit/537.36 (KHTML, like Gecko) Chrome/90.0.4430.212 Safari/537.36" "141.136.89.90" 0.093 0.093 .
82.202.188.7 - - [02/Jun/2021:03:16:15 +0400] "GET /api/do/do/133362/files/4379572?profileId=18 HTTP/1.1" 200 139616 "https://aswa.am/claim-management/evaluation/view/DP21048974/18?backState=workspace.claim-management.damage-evaluation&backStateParams=%7B%22%23%22:null,%22hasDropdown%22:true,%22activeCM%22:0,%22state%22:%7B%22filterRows%22:%7B%220%22:%7B%22evaluationStatus%22:%22NEW%22%7D%7D%7D%7D" "Mozilla/5.0 (Windows NT 10.0; Win64; x64) AppleWebKit/537.36 (KHTML, like Gecko) Chrome/90.0.4430.212 Safari/537.36" "141.136.89.90" 0.504 0.095 .
82.202.188.7 - - [02/Jun/2021:03:16:16 +0400] "GET / HTTP/1.1" 301 169 "-" "Pingdom.com_bot_version_1.4_(http://www.pingdom.com/)" "89.163.146.247" 0.000 - .
82.202.188.7 - - [02/Jun/2021:03:16:16 +0400] "GET /api/do/do/133362/files/4379572?profileId=18 HTTP/1.1" 200 139568 "https://aswa.am/claim-management/evaluation/view/DP21048974/18?backState=workspace.claim-management.damage-evaluation&backStateParams=%7B%22%23%22:null,%22hasDropdown%22:true,%22activeCM%22:0,%22state%22:%7B%22filterRows%22:%7B%220%22:%7B%22evaluationStatus%22:%22NEW%22%7D%7D%7D%7D" "Mozilla/5.0 (Windows NT 10.0; Win64; x64) AppleWebKit/537.36 (KHTML, like Gecko) Chrome/90.0.4430.212 Safari/537.36" "141.136.89.90" 0.357 0.082 .
82.202.188.2 - - [02/Jun/2021:03:16:16 +0400] "POST /api/underwriting/bonusmalus/history/last HTTP/1.1" 200 119 "https://aswa.am/underwriting/contract/create/9645615/20002376/draft?errorCode=0&orderStatus=2&orderId=a39f0c8a-0d1a-422b-a49e-92a807eff7b5" "Mozilla/5.0 (Windows NT 6.1; Win64; x64) AppleWebKit/537.36 (KHTML, like Gecko) Chrome/91.0.4472.77 Safari/537.36" "5.77.162.46" 0.018 0.018 .
82.202.188.2 - - [02/Jun/2021:03:16:16 +0400] "POST /api/underwriting/contracts/9645615/work?userDataId=20002376 HTTP/1.1" 200 0 "https://aswa.am/underwriting/contract/create/9645615/20002376/draft?errorCode=0&orderStatus=2&orderId=a39f0c8a-0d1a-422b-a49e-92a807eff7b5" "Mozilla/5.0 (Windows NT 6.1; Win64; x64) AppleWebKit/537.36 (KHTML, like Gecko) Chrome/91.0.4472.77 Safari/537.36" "5.77.162.46" 0.038 0.038 .
82.202.188.2 - - [02/Jun/2021:03:16:16 +0400] "GET /api/um/insuranceCompanies/2/logo HTTP/1.1" 200 2249 "https://aswa.am/underwriting/contract/create/9645615/20002376/draft?errorCode=0&orderStatus=2&orderId=a39f0c8a-0d1a-422b-a49e-92a807eff7b5" "Mozilla/5.0 (Windows NT 6.1; Win64; x64) AppleWebKit/537.36 (KHTML, like Gecko) Chrome/91.0.4472.77 Safari/537.36" "5.77.162.46" 0.029 0.029 .
82.202.188.7 - - [02/Jun/2021:03:16:16 +0400] "GET / HTTP/1.1" 200 979 "-" "Pingdom.com_bot_version_1.4_(http://www.pingdom.com/)" "89.163.146.247" 0.000 - .
82.202.188.2 - - [02/Jun/2021:03:16:16 +0400] "GET /api/notification/notification/messages-ws/info?t=1622589376394 HTTP/1.1" 400 559 "https://aswa.am/claim-management/view-case/AYR280420211135719/324?backState=workspace.claim-management.accident-management&backStateParams=%7B%22%23%22:null,%22hasDropdown%22:true,%22activeTab%22:0,%22activeCM%22:0,%22states%22:%7B%22accidents%22:%7B%22f%22:%7B%220%22:%7B%22plateNumber%22:%2257QN%22%7D%7D%7D%7D%7D&visiblePages=accident&visiblePages=fault&visiblePages=faultDecision&visiblePages=damageInspection&visiblePages=damageEvaluation&visiblePages=damageDecision&visiblePages=medicalExpertise&visiblePages=compensation&visiblePages=logs" "Mozilla/5.0 (Windows NT 10.0; Win64; x64) AppleWebKit/537.36 (KHTML, like Gecko) Chrome/90.0.4430.85 Safari/537.36" "212.73.95.146" 0.000 - .
82.202.188.4 - - [02/Jun/2021:03:16:17 +0400] "HEAD / HTTP/1.1" 301 0 "-" "curl/7.69.1" "82.202.190.56" 0.000 - .
82.202.188.2 - - [02/Jun/2021:03:16:17 +0400] "POST /api/underwriting/premium/vehicle/new/bulk?icId=2 HTTP/1.1" 200 35 "https://aswa.am/underwriting/contract/create/9645615/20002376/draft?errorCode=0&orderStatus=2&orderId=a39f0c8a-0d1a-422b-a49e-92a807eff7b5" "Mozilla/5.0 (Windows NT 6.1; Win64; x64) AppleWebKit/537.36 (KHTML, like Gecko) Chrome/91.0.4472.77 Safari/537.36" "5.77.162.46" 0.024 0.025 .
10.0.2.13 - - [02/Jun/2021:03:16:20 +0400] "GET /nginx_status HTTP/1.1" 200 115 "-" "Zabbix 4.4.10" "-" 0.000 - .
82.202.188.2 - - [02/Jun/2021:03:16:21 +0400] "GET /api/underwriting/contracts/pdf/mail/9645615?isCopy=false&languages=hy&userDataId=20002376 HTTP/1.1" 200 0 "https://aswa.am/underwriting/contract/create/9645615/20002376/draft?errorCode=0&orderStatus=2&orderId=a39f0c8a-0d1a-422b-a49e-92a807eff7b5" "Mozilla/5.0 (Windows NT 6.1; Win64; x64) AppleWebKit/537.36 (KHTML, like Gecko) Chrome/91.0.4472.77 Safari/537.36" "5.77.162.46" 0.998 0.998 .
82.202.188.2 - - [02/Jun/2021:03:16:21 +0400] "GET /api/underwriting/contracts/pdf/policy/9645615/preview?userDataId=20002376 HTTP/1.1" 200 0 "https://aswa.am/underwriting/contract/create/9645615/20002376/draft?errorCode=0&orderStatus=2&orderId=a39f0c8a-0d1a-422b-a49e-92a807eff7b5" "Mozilla/5.0 (Windows NT 6.1; Win64; x64) AppleWebKit/537.36 (KHTML, like Gecko) Chrome/91.0.4472.77 Safari/537.36" "5.77.162.46" 0.036 0.036 .
82.202.188.2 - - [02/Jun/2021:03:16:22 +0400] "GET /api/underwriting/contracts/pdf/policy/9645615?languages=hy&isCopy=false&userDataId=20002376 HTTP/1.1" 200 155948 "https://aswa.am/underwriting/contract/create/9645615/20002376/draft?errorCode=0&orderStatus=2&orderId=a39f0c8a-0d1a-422b-a49e-92a807eff7b5" "Mozilla/5.0 (Windows NT 6.1; Win64; x64) AppleWebKit/537.36 (KHTML, like Gecko) Chrome/91.0.4472.77 Safari/537.36" "5.77.162.46" 0.873 0.598 .
82.202.188.7 - - [02/Jun/2021:03:16:24 +0400] "GET /api/underwriting/selfsigning/vehicle-insurance?plateNumber=37AQ493&recaptchaData=03AGdBq26QO_482f6FABP49fGKQ5ofB0sEvhG3esxeK15kMiqDa5NA4j8L_upSQfpA6LywgSnkwXCT5XJOsn2Oeyu_7yOcHg9kjjT80muMD4oThKpzLzf93PY6KiITElVafZGqrc7oFvGEK7iZ5bJTaTby4hYsFAxbIPVJGtlkXiRrf4jqVURYk7FOhJCU_CJpdDNtWUqMmKmB647pM77kpDcxketyr6fNFKVxRJL-8dYBHySLOwVHhlOKyKXQOEGbaWj5ZtomURhEWuz5tg1qIDSL35CarkiEyxzQ-xXS5s7vkk26F2qO74ASwDTuttoniiuF363LP9gT9foI-4gnUhqhDwyw7xTjkiIYxbI3XteyNAIHIFpsN2b2CVK3SqkmYjjy4UthCCzlfxSJ25bMrE9drYBtOZR3gCTIXXdbVgjHZV-N3p-vNs7L-PLrr4toiOWI76-FCsP6&requestDateTime=2021-06-01T23:16:16.858Z HTTP/1.1" 200 256 "https://aswa.am/vehicle-insurance" "Mozilla/5.0 (Windows NT 10.0; Win64; x64) AppleWebKit/537.36 (KHTML, like Gecko) Chrome/91.0.4472.77 Safari/537.36" "193.176.84.213" 1.236 1.235 .
82.202.188.2 - - [02/Jun/2021:03:16:25 +0400] "GET /api/token HTTP/1.1" 200 5 "https://aswa.am/login" "Mozilla/5.0 (Windows NT 6.1; Win64; x64) AppleWebKit/537.36 (KHTML, like Gecko) Chrome/91.0.4472.77 Safari/537.36" "5.77.162.46" 0.008 0.008 .
82.202.188.2 - - [02/Jun/2021:03:16:25 +0400] "POST /api/login HTTP/1.1" 200 2 "https://aswa.am/login" "Mozilla/5.0 (Windows NT 6.1; Win64; x64) AppleWebKit/537.36 (KHTML, like Gecko) Chrome/91.0.4472.77 Safari/537.36" "5.77.162.46" 0.120 0.120 .
82.202.188.2 - - [02/Jun/2021:03:16:25 +0400] "GET /api/um/system/user HTTP/1.1" 200 2465 "https://aswa.am/login" "Mozilla/5.0 (Windows NT 6.1; Win64; x64) AppleWebKit/537.36 (KHTML, like Gecko) Chrome/91.0.4472.77 Safari/537.36" "5.77.162.46" 0.058 0.058 .
82.202.188.2 - - [02/Jun/2021:03:16:26 +0400] "GET /api/um/users/permissions/ids_map HTTP/1.1" 200 1807 "https://aswa.am/login" "Mozilla/5.0 (Windows NT 6.1; Win64; x64) AppleWebKit/537.36 (KHTML, like Gecko) Chrome/91.0.4472.77 Safari/537.36" "5.77.162.46" 0.017 0.017 .
82.202.188.2 - - [02/Jun/2021:03:16:26 +0400] "GET /api/um/users/groupLead HTTP/1.1" 200 33 "https://aswa.am/login" "Mozilla/5.0 (Windows NT 6.1; Win64; x64) AppleWebKit/537.36 (KHTML, like Gecko) Chrome/91.0.4472.77 Safari/537.36" "5.77.162.46" 0.022 0.022 .
82.202.188.2 - - [02/Jun/2021:03:16:27 +0400] "GET /api/underwriting/statistics/active_contracts HTTP/1.1" 400 559 "https://aswa.am/underwriting/dashboard" "Mozilla/5.0 (Windows NT 6.1; Win64; x64) AppleWebKit/537.36 (KHTML, like Gecko) Chrome/91.0.4472.77 Safari/537.36" "5.77.162.46" 0.000 - .
82.202.188.2 - - [02/Jun/2021:03:16:27 +0400] "GET /api/metadata/product-metadata HTTP/1.1" 200 141 "https://aswa.am/login" "Mozilla/5.0 (Windows NT 6.1; Win64; x64) AppleWebKit/537.36 (KHTML, like Gecko) Chrome/91.0.4472.77 Safari/537.36" "5.77.162.46" 0.018 0.018 .
82.202.188.2 - - [02/Jun/2021:03:16:27 +0400] "GET /api/um/insuranceCompanies/findByUserId?userId=14938 HTTP/1.1" 200 1386 "https://aswa.am/login" "Mozilla/5.0 (Windows NT 6.1; Win64; x64) AppleWebKit/537.36 (KHTML, like Gecko) Chrome/91.0.4472.77 Safari/537.36" "5.77.162.46" 0.030 0.030 .
82.202.188.2 - - [02/Jun/2021:03:16:27 +0400] "GET /api/underwriting/statistics/awaiting_contracts HTTP/1.1" 400 559 "https://aswa.am/underwriting/dashboard" "Mozilla/5.0 (Windows NT 6.1; Win64; x64) AppleWebKit/537.36 (KHTML, like Gecko) Chrome/91.0.4472.77 Safari/537.36" "5.77.162.46" 0.000 - .
82.202.188.2 - - [02/Jun/2021:03:16:27 +0400] "GET /api/underwriting/statistics/prepared_contracts HTTP/1.1" 400 559 "https://aswa.am/underwriting/dashboard" "Mozilla/5.0 (Windows NT 6.1; Win64; x64) AppleWebKit/537.36 (KHTML, like Gecko) Chrome/91.0.4472.77 Safari/537.36" "5.77.162.46" 0.000 - .
82.202.188.2 - - [02/Jun/2021:03:16:27 +0400] "GET /api/notification/notification/messages-ws/info?t=1622589387391 HTTP/1.1" 400 559 "https://aswa.am/claim-management/view-case/AYR280420211135719/324?backState=workspace.claim-management.accident-management&backStateParams=%7B%22%23%22:null,%22hasDropdown%22:true,%22activeTab%22:0,%22activeCM%22:0,%22states%22:%7B%22accidents%22:%7B%22f%22:%7B%220%22:%7B%22plateNumber%22:%2257QN%22%7D%7D%7D%7D%7D&visiblePages=accident&visiblePages=fault&visiblePages=faultDecision&visiblePages=damageInspection&visiblePages=damageEvaluation&visiblePages=damageDecision&visiblePages=medicalExpertise&visiblePages=compensation&visiblePages=logs" "Mozilla/5.0 (Windows NT 10.0; Win64; x64) AppleWebKit/537.36 (KHTML, like Gecko) Chrome/90.0.4430.85 Safari/537.36" "212.73.95.146" 0.000 - .
82.202.188.2 - - [02/Jun/2021:03:16:28 +0400] "GET / HTTP/1.1" 301 169 "-" "Pingdom.com_bot_version_1.4_(http://www.pingdom.com/)" "82.103.145.126" 0.000 - .
82.202.188.2 - - [02/Jun/2021:03:16:29 +0400] "GET / HTTP/1.1" 200 979 "-" "Pingdom.com_bot_version_1.4_(http://www.pingdom.com/)" "82.103.145.126" 0.000 - .
82.202.188.7 - - [02/Jun/2021:03:16:32 +0400] "GET /api/do/do/133362/files/4379569/info?profileId=18 HTTP/1.1" 200 494 "https://aswa.am/claim-management/evaluation/view/DP21048974/18?backState=workspace.claim-management.damage-evaluation&backStateParams=%7B%22%23%22:null,%22hasDropdown%22:true,%22activeCM%22:0,%22state%22:%7B%22filterRows%22:%7B%220%22:%7B%22evaluationStatus%22:%22NEW%22%7D%7D%7D%7D" "Mozilla/5.0 (Windows NT 10.0; Win64; x64) AppleWebKit/537.36 (KHTML, like Gecko) Chrome/90.0.4430.212 Safari/537.36" "141.136.89.90" 0.080 0.080 .
82.202.188.7 - - [02/Jun/2021:03:16:32 +0400] "GET /api/do/do/133362/files/4379569?profileId=18 HTTP/1.1" 200 31813 "https://aswa.am/claim-management/evaluation/view/DP21048974/18?backState=workspace.claim-management.damage-evaluation&backStateParams=%7B%22%23%22:null,%22hasDropdown%22:true,%22activeCM%22:0,%22state%22:%7B%22filterRows%22:%7B%220%22:%7B%22evaluationStatus%22:%22NEW%22%7D%7D%7D%7D" "Mozilla/5.0 (Windows NT 10.0; Win64; x64) AppleWebKit/537.36 (KHTML, like Gecko) Chrome/90.0.4430.212 Safari/537.36" "141.136.89.90" 0.168 0.106 .
82.202.188.7 - - [02/Jun/2021:03:16:33 +0400] "GET /api/do/do/133362/files/4379571/info?profileId=18 HTTP/1.1" 200 495 "https://aswa.am/claim-management/evaluation/view/DP21048974/18?backState=workspace.claim-management.damage-evaluation&backStateParams=%7B%22%23%22:null,%22hasDropdown%22:true,%22activeCM%22:0,%22state%22:%7B%22filterRows%22:%7B%220%22:%7B%22evaluationStatus%22:%22NEW%22%7D%7D%7D%7D" "Mozilla/5.0 (Windows NT 10.0; Win64; x64) AppleWebKit/537.36 (KHTML, like Gecko) Chrome/90.0.4430.212 Safari/537.36" "141.136.89.90" 0.100 0.101 .
82.202.188.7 - - [02/Jun/2021:03:16:33 +0400] "GET /api/do/do/133362/files/4379571?profileId=18 HTTP/1.1" 200 165894 "https://aswa.am/claim-management/evaluation/view/DP21048974/18?backState=workspace.claim-management.damage-evaluation&backStateParams=%7B%22%23%22:null,%22hasDropdown%22:true,%22activeCM%22:0,%22state%22:%7B%22filterRows%22:%7B%220%22:%7B%22evaluationStatus%22:%22NEW%22%7D%7D%7D%7D" "Mozilla/5.0 (Windows NT 10.0; Win64; x64) AppleWebKit/537.36 (KHTML, like Gecko) Chrome/90.0.4430.212 Safari/537.36" "141.136.89.90" 0.375 0.098 .
82.202.188.2 - - [02/Jun/2021:03:16:34 +0400] "GET /api/underwriting/public/resources/countries HTTP/1.1" 200 15845 "https://aswa.am/underwriting/dashboard" "Mozilla/5.0 (Windows NT 6.1; Win64; x64) AppleWebKit/537.36 (KHTML, like Gecko) Chrome/91.0.4472.77 Safari/537.36" "5.77.162.46" 0.012 0.013 .
82.202.188.2 - - [02/Jun/2021:03:16:34 +0400] "GET /api/underwriting/public/resources/rp/internalDbUsageEnabled HTTP/1.1" 200 36 "https://aswa.am/underwriting/dashboard" "Mozilla/5.0 (Windows NT 6.1; Win64; x64) AppleWebKit/537.36 (KHTML, like Gecko) Chrome/91.0.4472.77 Safari/537.36" "5.77.162.46" 0.027 0.027 .
82.202.188.7 - - [02/Jun/2021:03:16:34 +0400] "GET /api/do/do/133362/files/4379571?profileId=18 HTTP/1.1" 200 165894 "https://aswa.am/claim-management/evaluation/view/DP21048974/18?backState=workspace.claim-management.damage-evaluation&backStateParams=%7B%22%23%22:null,%22hasDropdown%22:true,%22activeCM%22:0,%22state%22:%7B%22filterRows%22:%7B%220%22:%7B%22evaluationStatus%22:%22NEW%22%7D%7D%7D%7D" "Mozilla/5.0 (Windows NT 10.0; Win64; x64) AppleWebKit/537.36 (KHTML, like Gecko) Chrome/90.0.4430.212 Safari/537.36" "141.136.89.90" 0.363 0.084 .
82.202.188.2 - - [02/Jun/2021:03:16:34 +0400] "HEAD / HTTP/1.1" 301 0 "-" "curl/7.69.1" "82.202.190.56" 0.000 - .
82.202.188.2 - - [02/Jun/2021:03:16:34 +0400] "GET /api/underwriting/public/resources/policyHolders/legal/types HTTP/1.1" 200 637 "https://aswa.am/underwriting/dashboard" "Mozilla/5.0 (Windows NT 6.1; Win64; x64) AppleWebKit/537.36 (KHTML, like Gecko) Chrome/91.0.4472.77 Safari/537.36" "5.77.162.46" 0.012 0.012 .
82.202.188.2 - - [02/Jun/2021:03:16:34 +0400] "GET /api/underwriting/public/resources/vehicles/useTypes HTTP/1.1" 200 434 "https://aswa.am/underwriting/dashboard" "Mozilla/5.0 (Windows NT 6.1; Win64; x64) AppleWebKit/537.36 (KHTML, like Gecko) Chrome/91.0.4472.77 Safari/537.36" "5.77.162.46" 0.011 0.011 .
82.202.188.2 - - [02/Jun/2021:03:16:34 +0400] "GET /api/underwriting/public/resources/vehicles/types HTTP/1.1" 200 844 "https://aswa.am/underwriting/dashboard" "Mozilla/5.0 (Windows NT 6.1; Win64; x64) AppleWebKit/537.36 (KHTML, like Gecko) Chrome/91.0.4472.77 Safari/537.36" "5.77.162.46" 0.012 0.012 .
82.202.188.2 - - [02/Jun/2021:03:16:34 +0400] "GET /api/um/insuranceCompanies/findByUserId?userId=14938 HTTP/1.1" 200 1386 "https://aswa.am/underwriting/contract" "Mozilla/5.0 (Windows NT 6.1; Win64; x64) AppleWebKit/537.36 (KHTML, like Gecko) Chrome/91.0.4472.77 Safari/537.36" "5.77.162.46" 0.022 0.022 .
82.202.188.2 - - [02/Jun/2021:03:16:35 +0400] "GET /api/underwriting/contracts/count?creationDateFrom=2021-06-01&insuranceCompanyId=3&userDataId=506022 HTTP/1.1" 200 32 "https://aswa.am/underwriting/contract" "Mozilla/5.0 (Windows NT 6.1; Win64; x64) AppleWebKit/537.36 (KHTML, like Gecko) Chrome/91.0.4472.77 Safari/537.36" "5.77.162.46" 0.080 0.080 .
82.202.188.2 - - [02/Jun/2021:03:16:35 +0400] "GET /api/um/insuranceCompanies/3/logo HTTP/1.1" 200 4661 "https://aswa.am/underwriting/contract?form=%7B%22activeICId%22:3,%22contractsFromDate%22:%222021-05-31T20:00:00.000Z%22,%22userDataId%22:506022%7D&currentPage=1&draftCurrentPage=1" "Mozilla/5.0 (Windows NT 6.1; Win64; x64) AppleWebKit/537.36 (KHTML, like Gecko) Chrome/91.0.4472.77 Safari/537.36" "5.77.162.46" 0.026 0.026 .
82.202.188.2 - - [02/Jun/2021:03:16:35 +0400] "GET /api/underwriting/contracts?creationDateFrom=2021-06-01&insuranceCompanyId=3&language=hy&limit=10&offset=0&order=DESC&sort=policyNumber&userDataId=506022 HTTP/1.1" 200 3729 "https://aswa.am/underwriting/contract" "Mozilla/5.0 (Windows NT 6.1; Win64; x64) AppleWebKit/537.36 (KHTML, like Gecko) Chrome/91.0.4472.77 Safari/537.36" "5.77.162.46" 0.119 0.120 .
82.202.188.2 - - [02/Jun/2021:03:16:35 +0400] "GET /api/underwriting/contracts/count?status=DRAFT HTTP/1.1" 200 32 "https://aswa.am/underwriting/contract" "Mozilla/5.0 (Windows NT 6.1; Win64; x64) AppleWebKit/537.36 (KHTML, like Gecko) Chrome/91.0.4472.77 Safari/537.36" "5.77.162.46" 1.044 1.044 .
82.202.188.2 - - [02/Jun/2021:03:16:36 +0400] "GET /api/underwriting/contracts?language=hy&limit=10&offset=0&order=DESC&sort=policyNumber&status=DRAFT HTTP/1.1" 200 33 "https://aswa.am/underwriting/contract" "Mozilla/5.0 (Windows NT 6.1; Win64; x64) AppleWebKit/537.36 (KHTML, like Gecko) Chrome/91.0.4472.77 Safari/537.36" "5.77.162.46" 1.882 1.883 .
10.0.2.12 - - [02/Jun/2021:03:16:37 +0400] "GET /nginx_status HTTP/1.1" 200 115 "-" "Zabbix 4.4.10" "-" 0.000 - .
82.202.188.2 - - [02/Jun/2021:03:16:37 +0400] "GET /api/files/archived/60b6bc75dfbab025c1e7d7a7 HTTP/1.1" 206 553795156 "-" "Mozilla/5.0 (Linux; Android 10; M2004J19C) AppleWebKit/537.36 (KHTML, like Gecko) Chrome/90.0.4430.210 Mobile Safari/537.36" "37.252.94.113" 100.160 8.960 .
82.202.188.7 - - [02/Jun/2021:03:16:38 +0400] "GET /api/do/do/133362/files/4379570/info?profileId=18 HTTP/1.1" 200 494 "https://aswa.am/claim-management/evaluation/view/DP21048974/18?backState=workspace.claim-management.damage-evaluation&backStateParams=%7B%22%23%22:null,%22hasDropdown%22:true,%22activeCM%22:0,%22state%22:%7B%22filterRows%22:%7B%220%22:%7B%22evaluationStatus%22:%22NEW%22%7D%7D%7D%7D" "Mozilla/5.0 (Windows NT 10.0; Win64; x64) AppleWebKit/537.36 (KHTML, like Gecko) Chrome/90.0.4430.212 Safari/537.36" "141.136.89.90" 0.098 0.098 .
82.202.188.7 - - [02/Jun/2021:03:16:38 +0400] "GET /api/do/do/133362/files/4379570?profileId=18 HTTP/1.1" 200 195283 "https://aswa.am/claim-management/evaluation/view/DP21048974/18?backState=workspace.claim-management.damage-evaluation&backStateParams=%7B%22%23%22:null,%22hasDropdown%22:true,%22activeCM%22:0,%22state%22:%7B%22filterRows%22:%7B%220%22:%7B%22evaluationStatus%22:%22NEW%22%7D%7D%7D%7D" "Mozilla/5.0 (Windows NT 10.0; Win64; x64) AppleWebKit/537.36 (KHTML, like Gecko) Chrome/90.0.4430.212 Safari/537.36" "141.136.89.90" 0.317 0.110 .
82.202.188.2 - - [02/Jun/2021:03:16:38 +0400] "GET /api/notification/notification/messages-ws/info?t=1622589398381 HTTP/1.1" 400 559 "https://aswa.am/claim-management/view-case/AYR280420211135719/324?backState=workspace.claim-management.accident-management&backStateParams=%7B%22%23%22:null,%22hasDropdown%22:true,%22activeTab%22:0,%22activeCM%22:0,%22states%22:%7B%22accidents%22:%7B%22f%22:%7B%220%22:%7B%22plateNumber%22:%2257QN%22%7D%7D%7D%7D%7D&visiblePages=accident&visiblePages=fault&visiblePages=faultDecision&visiblePages=damageInspection&visiblePages=damageEvaluation&visiblePages=damageDecision&visiblePages=medicalExpertise&visiblePages=compensation&visiblePages=logs" "Mozilla/5.0 (Windows NT 10.0; Win64; x64) AppleWebKit/537.36 (KHTML, like Gecko) Chrome/90.0.4430.85 Safari/537.36" "212.73.95.146" 0.000 - .
82.202.188.7 - - [02/Jun/2021:03:16:38 +0400] "GET /api/do/do/133362/files/4379570?profileId=18 HTTP/1.1" 200 195275 "https://aswa.am/claim-management/evaluation/view/DP21048974/18?backState=workspace.claim-management.damage-evaluation&backStateParams=%7B%22%23%22:null,%22hasDropdown%22:true,%22activeCM%22:0,%22state%22:%7B%22filterRows%22:%7B%220%22:%7B%22evaluationStatus%22:%22NEW%22%7D%7D%7D%7D" "Mozilla/5.0 (Windows NT 10.0; Win64; x64) AppleWebKit/537.36 (KHTML, like Gecko) Chrome/90.0.4430.212 Safari/537.36" "141.136.89.90" 0.321 0.101 .
82.202.188.7 - - [02/Jun/2021:03:16:40 +0400] "GET /api/do/do/133362/files/4379569/info?profileId=18 HTTP/1.1" 200 494 "https://aswa.am/claim-management/evaluation/view/DP21048974/18?backState=workspace.claim-management.damage-evaluation&backStateParams=%7B%22%23%22:null,%22hasDropdown%22:true,%22activeCM%22:0,%22state%22:%7B%22filterRows%22:%7B%220%22:%7B%22evaluationStatus%22:%22NEW%22%7D%7D%7D%7D" "Mozilla/5.0 (Windows NT 10.0; Win64; x64) AppleWebKit/537.36 (KHTML, like Gecko) Chrome/90.0.4430.212 Safari/537.36" "141.136.89.90" 0.073 0.073 .
82.202.188.7 - - [02/Jun/2021:03:16:40 +0400] "GET /api/do/do/133362/files/4379569?profileId=18 HTTP/1.1" 200 244277 "https://aswa.am/claim-management/evaluation/view/DP21048974/18?backState=workspace.claim-management.damage-evaluation&backStateParams=%7B%22%23%22:null,%22hasDropdown%22:true,%22activeCM%22:0,%22state%22:%7B%22filterRows%22:%7B%220%22:%7B%22evaluationStatus%22:%22NEW%22%7D%7D%7D%7D" "Mozilla/5.0 (Windows NT 10.0; Win64; x64) AppleWebKit/537.36 (KHTML, like Gecko) Chrome/90.0.4430.212 Safari/537.36" "141.136.89.90" 0.091 0.092 .
82.202.188.7 - - [02/Jun/2021:03:16:40 +0400] "GET /api/do/do/133362/files/4379569?profileId=18 HTTP/1.1" 200 244293 "https://aswa.am/claim-management/evaluation/view/DP21048974/18?backState=workspace.claim-management.damage-evaluation&backStateParams=%7B%22%23%22:null,%22hasDropdown%22:true,%22activeCM%22:0,%22state%22:%7B%22filterRows%22:%7B%220%22:%7B%22evaluationStatus%22:%22NEW%22%7D%7D%7D%7D" "Mozilla/5.0 (Windows NT 10.0; Win64; x64) AppleWebKit/537.36 (KHTML, like Gecko) Chrome/90.0.4430.212 Safari/537.36" "141.136.89.90" 0.090 0.090 .
82.202.188.7 - - [02/Jun/2021:03:16:48 +0400] "GET /api/do/do/133362/files/4379569/info?profileId=18 HTTP/1.1" 200 494 "https://aswa.am/claim-management/evaluation/view/DP21048974/18?backState=workspace.claim-management.damage-evaluation&backStateParams=%7B%22%23%22:null,%22hasDropdown%22:true,%22activeCM%22:0,%22state%22:%7B%22filterRows%22:%7B%220%22:%7B%22evaluationStatus%22:%22NEW%22%7D%7D%7D%7D" "Mozilla/5.0 (Windows NT 10.0; Win64; x64) AppleWebKit/537.36 (KHTML, like Gecko) Chrome/90.0.4430.212 Safari/537.36" "141.136.89.90" 0.090 0.091 .
82.202.188.7 - - [02/Jun/2021:03:16:48 +0400] "GET /api/do/do/133362/files/4379569?profileId=18 HTTP/1.1" 200 244079 "https://aswa.am/claim-management/evaluation/view/DP21048974/18?backState=workspace.claim-management.damage-evaluation&backStateParams=%7B%22%23%22:null,%22hasDropdown%22:true,%22activeCM%22:0,%22state%22:%7B%22filterRows%22:%7B%220%22:%7B%22evaluationStatus%22:%22NEW%22%7D%7D%7D%7D" "Mozilla/5.0 (Windows NT 10.0; Win64; x64) AppleWebKit/537.36 (KHTML, like Gecko) Chrome/90.0.4430.212 Safari/537.36" "141.136.89.90" 0.328 0.092 .
82.202.188.7 - - [02/Jun/2021:03:16:48 +0400] "GET /api/do/do/133362/files/4379569?profileId=18 HTTP/1.1" 200 244079 "https://aswa.am/claim-management/evaluation/view/DP21048974/18?backState=workspace.claim-management.damage-evaluation&backStateParams=%7B%22%23%22:null,%22hasDropdown%22:true,%22activeCM%22:0,%22state%22:%7B%22filterRows%22:%7B%220%22:%7B%22evaluationStatus%22:%22NEW%22%7D%7D%7D%7D" "Mozilla/5.0 (Windows NT 10.0; Win64; x64) AppleWebKit/537.36 (KHTML, like Gecko) Chrome/90.0.4430.212 Safari/537.36" "141.136.89.90" 0.333 0.093 .
82.202.188.2 - - [02/Jun/2021:03:16:49 +0400] "GET /api/notification/notification/messages-ws/info?t=1622589409384 HTTP/1.1" 400 559 "https://aswa.am/claim-management/view-case/AYR280420211135719/324?backState=workspace.claim-management.accident-management&backStateParams=%7B%22%23%22:null,%22hasDropdown%22:true,%22activeTab%22:0,%22activeCM%22:0,%22states%22:%7B%22accidents%22:%7B%22f%22:%7B%220%22:%7B%22plateNumber%22:%2257QN%22%7D%7D%7D%7D%7D&visiblePages=accident&visiblePages=fault&visiblePages=faultDecision&visiblePages=damageInspection&visiblePages=damageEvaluation&visiblePages=damageDecision&visiblePages=medicalExpertise&visiblePages=compensation&visiblePages=logs" "Mozilla/5.0 (Windows NT 10.0; Win64; x64) AppleWebKit/537.36 (KHTML, like Gecko) Chrome/90.0.4430.85 Safari/537.36" "212.73.95.146" 0.000 - .
82.202.188.7 - - [02/Jun/2021:03:16:49 +0400] "GET /api/underwriting/selfsigning/vehicle-insurance?plateNumber=36XU018&recaptchaData=03AGdBq26Efz-VHJVPBp_1dzDjeIANcoc3-MD--av2GHasYdDIYpJ3v5mDhamKZsxZ-mda2eDhp1yF3vj6t_iGOLv1s3pXa17fYSRoMNqLTGvbKQxGsay1nfHASXNJVnBCHEXuDWV7yZRJCWHLBv9mmX3jOXo9B-LRVIeIVekf8FV-y8SnPQdGwVuNxVy8jPMj2Khk3hTol-1FvWthTjeSUngQGQtUSSgDOWFJJK98oYWrYHkvDxRrNhGgevMCYm9j58BxfMEsl_P8LbG1rAlEivHfecyVOdjoTV2P9lZ6UUfy2_BigJGPzgp3NbSmKDgGvKk6rgHp03cx4bNobStczGduU4VFgtwFnMpGqPqANcmw7cd5bE2JTkHp_DuC5I3frPihhLVS9b8_g0qggEOfuMUc7Nca8605I-xYYJksQUKAELnc3FEt6SAOcmo6iipb54hKgeloAjukDkPqSzjku-NDf6zAcluOOg&requestDateTime=2021-06-01T23:16:40.997Z HTTP/1.1" 200 255 "https://aswa.am/vehicle-insurance" "Mozilla/5.0 (Windows NT 10.0; Win64; x64) AppleWebKit/537.36 (KHTML, like Gecko) Chrome/91.0.4472.77 Safari/537.36" "193.176.84.213" 0.983 0.984 .
82.202.188.2 - - [02/Jun/2021:03:16:50 +0400] "GET /api/underwriting/public/resources/rp/internalDbUsageEnabled HTTP/1.1" 200 36 "https://aswa.am/underwriting/contract?form=%7B%22activeICId%22:3,%22contractsFromDate%22:%222021-05-31T20:00:00.000Z%22,%22userDataId%22:506022%7D&currentPage=1&draftCurrentPage=1" "Mozilla/5.0 (Windows NT 6.1; Win64; x64) AppleWebKit/537.36 (KHTML, like Gecko) Chrome/91.0.4472.77 Safari/537.36" "5.77.162.46" 0.030 0.029 .
82.202.188.2 - - [02/Jun/2021:03:16:51 +0400] "GET /api/um/insuranceCompanies/findByUserId?userId=14938 HTTP/1.1" 200 1386 "https://aswa.am/underwriting/contract?form=%7B%22activeICId%22:3,%22contractsFromDate%22:%222021-05-31T20:00:00.000Z%22,%22userDataId%22:506022%7D&currentPage=1&draftCurrentPage=1" "Mozilla/5.0 (Windows NT 6.1; Win64; x64) AppleWebKit/537.36 (KHTML, like Gecko) Chrome/91.0.4472.77 Safari/537.36" "5.77.162.46" 0.031 0.032 .
82.202.188.2 - - [02/Jun/2021:03:16:51 +0400] "GET /api/underwriting/public/resources/banks?isVisible=true HTTP/1.1" 200 4251 "https://aswa.am/underwriting/contract/create/create" "Mozilla/5.0 (Windows NT 6.1; Win64; x64) AppleWebKit/537.36 (KHTML, like Gecko) Chrome/91.0.4472.77 Safari/537.36" "5.77.162.46" 0.012 0.012 .
82.202.188.2 - - [02/Jun/2021:03:16:51 +0400] "GET /api/underwriting/public/resources/phonePrefixes HTTP/1.1" 200 307 "https://aswa.am/underwriting/contract/create/create" "Mozilla/5.0 (Windows NT 6.1; Win64; x64) AppleWebKit/537.36 (KHTML, like Gecko) Chrome/91.0.4472.77 Safari/537.36" "5.77.162.46" 0.017 0.017 .
82.202.188.7 - - [02/Jun/2021:03:16:54 +0400] "GET /api/do/do/133362/files/4379568/info?profileId=18 HTTP/1.1" 200 495 "https://aswa.am/claim-management/evaluation/view/DP21048974/18?backState=workspace.claim-management.damage-evaluation&backStateParams=%7B%22%23%22:null,%22hasDropdown%22:true,%22activeCM%22:0,%22state%22:%7B%22filterRows%22:%7B%220%22:%7B%22evaluationStatus%22:%22NEW%22%7D%7D%7D%7D" "Mozilla/5.0 (Windows NT 10.0; Win64; x64) AppleWebKit/537.36 (KHTML, like Gecko) Chrome/90.0.4430.212 Safari/537.36" "141.136.89.90" 0.082 0.083 .
82.202.188.7 - - [02/Jun/2021:03:16:54 +0400] "GET /api/do/do/133362/files/4379568?profileId=18 HTTP/1.1" 200 253682 "https://aswa.am/claim-management/evaluation/view/DP21048974/18?backState=workspace.claim-management.damage-evaluation&backStateParams=%7B%22%23%22:null,%22hasDropdown%22:true,%22activeCM%22:0,%22state%22:%7B%22filterRows%22:%7B%220%22:%7B%22evaluationStatus%22:%22NEW%22%7D%7D%7D%7D" "Mozilla/5.0 (Windows NT 10.0; Win64; x64) AppleWebKit/537.36 (KHTML, like Gecko) Chrome/90.0.4430.212 Safari/537.36" "141.136.89.90" 0.109 0.109 .
82.202.188.7 - - [02/Jun/2021:03:16:55 +0400] "GET /api/do/do/133362/files/4379568?profileId=18 HTTP/1.1" 200 253467 "https://aswa.am/claim-management/evaluation/view/DP21048974/18?backState=workspace.claim-management.damage-evaluation&backStateParams=%7B%22%23%22:null,%22hasDropdown%22:true,%22activeCM%22:0,%22state%22:%7B%22filterRows%22:%7B%220%22:%7B%22evaluationStatus%22:%22NEW%22%7D%7D%7D%7D" "Mozilla/5.0 (Windows NT 10.0; Win64; x64) AppleWebKit/537.36 (KHTML, like Gecko) Chrome/90.0.4430.212 Safari/537.36" "141.136.89.90" 0.726 0.094 .
82.202.188.2 - - [02/Jun/2021:03:16:57 +0400] "GET /api/files/archived/60b6bc75dfbab025c1e7d7a7 HTTP/1.1" 200 830692734 "-" "Mozilla/5.0 (Linux; Android 10; M2004J19C) AppleWebKit/537.36 (KHTML, like Gecko) Chrome/90.0.4430.210 Mobile Safari/537.36" "37.252.94.113" 120.277 13.359 .
82.202.188.2 - - [02/Jun/2021:03:16:58 +0400] "GET /app.40d845e4c117de2aa52e.css HTTP/1.1" 200 1958665 "https://aswa.am/" "Mozilla/5.0 (Linux; Android 10; Nokia 7 plus) AppleWebKit/537.36 (KHTML, like Gecko) Chrome/90.0.4430.210 Mobile Safari/537.36" "141.136.76.124" 0.549 - .
82.202.188.2 - - [02/Jun/2021:03:16:58 +0400] "GET /vendor.40d845e4c117de2aa52e.bundle.js HTTP/1.1" 200 1659368 "https://aswa.am/" "Mozilla/5.0 (Linux; Android 10; Nokia 7 plus) AppleWebKit/537.36 (KHTML, like Gecko) Chrome/90.0.4430.210 Mobile Safari/537.36" "141.136.76.124" 0.435 - .
82.202.188.7 - - [02/Jun/2021:03:16:59 +0400] "GET /api/do/do/133362/files/4379567/info?profileId=18 HTTP/1.1" 200 495 "https://aswa.am/claim-management/evaluation/view/DP21048974/18?backState=workspace.claim-management.damage-evaluation&backStateParams=%7B%22%23%22:null,%22hasDropdown%22:true,%22activeCM%22:0,%22state%22:%7B%22filterRows%22:%7B%220%22:%7B%22evaluationStatus%22:%22NEW%22%7D%7D%7D%7D" "Mozilla/5.0 (Windows NT 10.0; Win64; x64) AppleWebKit/537.36 (KHTML, like Gecko) Chrome/90.0.4430.212 Safari/537.36" "141.136.89.90" 0.077 0.078 .
82.202.188.7 - - [02/Jun/2021:03:16:59 +0400] "GET /api/do/do/133362/files/4379567?profileId=18 HTTP/1.1" 200 218085 "https://aswa.am/claim-management/evaluation/view/DP21048974/18?backState=workspace.claim-management.damage-evaluation&backStateParams=%7B%22%23%22:null,%22hasDropdown%22:true,%22activeCM%22:0,%22state%22:%7B%22filterRows%22:%7B%220%22:%7B%22evaluationStatus%22:%22NEW%22%7D%7D%7D%7D" "Mozilla/5.0 (Windows NT 10.0; Win64; x64) AppleWebKit/537.36 (KHTML, like Gecko) Chrome/90.0.4430.212 Safari/537.36" "141.136.89.90" 0.253 0.090 .
82.202.188.7 - - [02/Jun/2021:03:16:59 +0400] "GET /api/do/do/133362/files/4379567?profileId=18 HTTP/1.1" 200 218156 "https://aswa.am/claim-management/evaluation/view/DP21048974/18?backState=workspace.claim-management.damage-evaluation&backStateParams=%7B%22%23%22:null,%22hasDropdown%22:true,%22activeCM%22:0,%22state%22:%7B%22filterRows%22:%7B%220%22:%7B%22evaluationStatus%22:%22NEW%22%7D%7D%7D%7D" "Mozilla/5.0 (Windows NT 10.0; Win64; x64) AppleWebKit/537.36 (KHTML, like Gecko) Chrome/90.0.4430.212 Safari/537.36" "141.136.89.90" 0.085 0.084 .
82.202.188.2 - - [02/Jun/2021:03:17:00 +0400] "GET /api/notification/notification/messages-ws/info?t=1622589420391 HTTP/1.1" 400 559 "https://aswa.am/claim-management/view-case/AYR280420211135719/324?backState=workspace.claim-management.accident-management&backStateParams=%7B%22%23%22:null,%22hasDropdown%22:true,%22activeTab%22:0,%22activeCM%22:0,%22states%22:%7B%22accidents%22:%7B%22f%22:%7B%220%22:%7B%22plateNumber%22:%2257QN%22%7D%7D%7D%7D%7D&visiblePages=accident&visiblePages=fault&visiblePages=faultDecision&visiblePages=damageInspection&visiblePages=damageEvaluation&visiblePages=damageDecision&visiblePages=medicalExpertise&visiblePages=compensation&visiblePages=logs" "Mozilla/5.0 (Windows NT 10.0; Win64; x64) AppleWebKit/537.36 (KHTML, like Gecko) Chrome/90.0.4430.85 Safari/537.36" "212.73.95.146" 0.000 - .
82.202.188.7 - - [02/Jun/2021:03:17:01 +0400] "GET /api/do/do/133362/files/4379566?profileId=18 HTTP/1.1" 200 210005 "https://aswa.am/claim-management/evaluation/view/DP21048974/18?backState=workspace.claim-management.damage-evaluation&backStateParams=%7B%22%23%22:null,%22hasDropdown%22:true,%22activeCM%22:0,%22state%22:%7B%22filterRows%22:%7B%220%22:%7B%22evaluationStatus%22:%22NEW%22%7D%7D%7D%7D" "Mozilla/5.0 (Windows NT 10.0; Win64; x64) AppleWebKit/537.36 (KHTML, like Gecko) Chrome/90.0.4430.212 Safari/537.36" "141.136.89.90" 0.090 0.089 .
82.202.188.7 - - [02/Jun/2021:03:17:01 +0400] "GET /api/do/do/133362/files/4379566/info?profileId=18 HTTP/1.1" 200 495 "https://aswa.am/claim-management/evaluation/view/DP21048974/18?backState=workspace.claim-management.damage-evaluation&backStateParams=%7B%22%23%22:null,%22hasDropdown%22:true,%22activeCM%22:0,%22state%22:%7B%22filterRows%22:%7B%220%22:%7B%22evaluationStatus%22:%22NEW%22%7D%7D%7D%7D" "Mozilla/5.0 (Windows NT 10.0; Win64; x64) AppleWebKit/537.36 (KHTML, like Gecko) Chrome/90.0.4430.212 Safari/537.36" "141.136.89.90" 0.125 0.124 .
82.202.188.7 - - [02/Jun/2021:03:17:02 +0400] "GET /api/do/do/133362/files/4379566?profileId=18 HTTP/1.1" 200 209942 "https://aswa.am/claim-management/evaluation/view/DP21048974/18?backState=workspace.claim-management.damage-evaluation&backStateParams=%7B%22%23%22:null,%22hasDropdown%22:true,%22activeCM%22:0,%22state%22:%7B%22filterRows%22:%7B%220%22:%7B%22evaluationStatus%22:%22NEW%22%7D%7D%7D%7D" "Mozilla/5.0 (Windows NT 10.0; Win64; x64) AppleWebKit/537.36 (KHTML, like Gecko) Chrome/90.0.4430.212 Safari/537.36" "141.136.89.90" 0.185 0.086 .
82.202.188.2 - - [02/Jun/2021:03:17:08 +0400] "GET /api/underwriting/vehicles?ivr=GE&plateNumber=GU194UG HTTP/1.1" 200 597 "https://aswa.am/underwriting/contract/create/create" "Mozilla/5.0 (Windows NT 6.1; Win64; x64) AppleWebKit/537.36 (KHTML, like Gecko) Chrome/91.0.4472.77 Safari/537.36" "5.77.162.46" 0.542 0.543 .
82.202.188.2 - - [02/Jun/2021:03:17:08 +0400] "GET /api/underwriting/public/resources/vehicles/marks?isVisible=true HTTP/1.1" 200 8093 "https://aswa.am/underwriting/contract/create/create" "Mozilla/5.0 (Windows NT 6.1; Win64; x64) AppleWebKit/537.36 (KHTML, like Gecko) Chrome/91.0.4472.77 Safari/537.36" "5.77.162.46" 0.015 0.015 .
82.202.188.7 - - [02/Jun/2021:03:17:10 +0400] "GET /api/underwriting/selfsigning/vehicle-insurance?plateNumber=37AQ487&recaptchaData=03AGdBq24gl3qLYprka1EFgf3JK1U5jPy5ipnypHFU6KNsKymys5wK18qXuIcX9jRBYNsuOZ69NqebOunCJkORVimk2FewT5PXjFz0Ybfuu3FTcm8huh3pGyqjEzQN_fJmdZL2hFc5aZLJ-6IDnAlih2_b6Wslp6YsAu8Cq90WV-h6bD3YO-eQB_MZ6fqK9qJqtw8NAQF9qdEyq2iLwxlB35BCoXK5meldBGiLvh3w9jpb8B_SYtdfVYCVgUopCRCndKlLCmqveQfL7fZ6XsrVrqhEE-An-pL1jf9tklhGVmcMvNec4l2yihNXqqp2K72HzDoJZ6MCUqSuzgIrIySAPmR87SgCPTpg8efv_YE3rWhUqc7t-Gwll7Ns0568GUkxB8KLsjpE5Mr9o95IPFt0bV-bq3RbbUJGpfsDQaP9uYOXq11pXusfIm-qFS9Zui6w3vV_RjfIAowW8-6G-x_0o0tZ7soVdHP22w&requestDateTime=2021-06-01T23:17:03.660Z HTTP/1.1" 200 253 "https://aswa.am/vehicle-insurance" "Mozilla/5.0 (Windows NT 10.0; Win64; x64) AppleWebKit/537.36 (KHTML, like Gecko) Chrome/91.0.4472.77 Safari/537.36" "193.176.84.213" 0.788 0.789 .
82.202.188.2 - - [02/Jun/2021:03:17:11 +0400] "GET /api/notification/notification/messages-ws/info?t=1622589431377 HTTP/1.1" 400 559 "https://aswa.am/claim-management/view-case/AYR280420211135719/324?backState=workspace.claim-management.accident-management&backStateParams=%7B%22%23%22:null,%22hasDropdown%22:true,%22activeTab%22:0,%22activeCM%22:0,%22states%22:%7B%22accidents%22:%7B%22f%22:%7B%220%22:%7B%22plateNumber%22:%2257QN%22%7D%7D%7D%7D%7D&visiblePages=accident&visiblePages=fault&visiblePages=faultDecision&visiblePages=damageInspection&visiblePages=damageEvaluation&visiblePages=damageDecision&visiblePages=medicalExpertise&visiblePages=compensation&visiblePages=logs" "Mozilla/5.0 (Windows NT 10.0; Win64; x64) AppleWebKit/537.36 (KHTML, like Gecko) Chrome/90.0.4430.85 Safari/537.36" "212.73.95.146" 0.000 - .
82.202.188.2 - - [02/Jun/2021:03:17:12 +0400] "POST /api/underwriting/vehicles HTTP/1.1" 200 563 "https://aswa.am/underwriting/contract/create/create" "Mozilla/5.0 (Windows NT 6.1; Win64; x64) AppleWebKit/537.36 (KHTML, like Gecko) Chrome/91.0.4472.77 Safari/537.36" "5.77.162.46" 0.047 0.047 .
82.202.188.2 - - [02/Jun/2021:03:17:16 +0400] "GET / HTTP/1.1" 301 169 "-" "Pingdom.com_bot_version_1.4_(http://www.pingdom.com/)" "37.252.231.50" 0.000 - .
82.202.188.2 - - [02/Jun/2021:03:17:16 +0400] "GET / HTTP/1.1" 200 979 "-" "Pingdom.com_bot_version_1.4_(http://www.pingdom.com/)" "37.252.231.50" 0.000 - .
10.0.2.13 - - [02/Jun/2021:03:17:20 +0400] "GET /nginx_status HTTP/1.1" 200 115 "-" "Zabbix 4.4.10" "-" 0.000 - .
82.202.188.2 - - [02/Jun/2021:03:17:22 +0400] "GET /api/notification/notification/messages-ws/info?t=1622589442384 HTTP/1.1" 400 559 "https://aswa.am/claim-management/view-case/AYR280420211135719/324?backState=workspace.claim-management.accident-management&backStateParams=%7B%22%23%22:null,%22hasDropdown%22:true,%22activeTab%22:0,%22activeCM%22:0,%22states%22:%7B%22accidents%22:%7B%22f%22:%7B%220%22:%7B%22plateNumber%22:%2257QN%22%7D%7D%7D%7D%7D&visiblePages=accident&visiblePages=fault&visiblePages=faultDecision&visiblePages=damageInspection&visiblePages=damageEvaluation&visiblePages=damageDecision&visiblePages=medicalExpertise&visiblePages=compensation&visiblePages=logs" "Mozilla/5.0 (Windows NT 10.0; Win64; x64) AppleWebKit/537.36 (KHTML, like Gecko) Chrome/90.0.4430.85 Safari/537.36" "212.73.95.146" 0.000 - .
82.202.188.2 - - [02/Jun/2021:03:17:24 +0400] "GET /api/underwriting/policyHolders/physical/findByIDOrSsn?identificationDocNumber=17AA07206&iso=GEO&vehicleIdentifier=GEGU194UG HTTP/1.1" 200 529 "https://aswa.am/underwriting/contract/create/create" "Mozilla/5.0 (Windows NT 6.1; Win64; x64) AppleWebKit/537.36 (KHTML, like Gecko) Chrome/91.0.4472.77 Safari/537.36" "5.77.162.46" 0.107 0.106 .
82.202.188.2 - - [02/Jun/2021:03:17:24 +0400] "GET /api/underwriting/contracts/contactInformation/831333 HTTP/1.1" 200 279 "https://aswa.am/underwriting/contract/create/create" "Mozilla/5.0 (Windows NT 6.1; Win64; x64) AppleWebKit/537.36 (KHTML, like Gecko) Chrome/91.0.4472.77 Safari/537.36" "5.77.162.46" 0.029 0.029 .
82.202.188.2 - - [02/Jun/2021:03:17:25 +0400] "GET /api/underwriting/public/resources/regions?countryId=79 HTTP/1.1" 200 33 "https://aswa.am/underwriting/contract/create/create" "Mozilla/5.0 (Windows NT 6.1; Win64; x64) AppleWebKit/537.36 (KHTML, like Gecko) Chrome/91.0.4472.77 Safari/537.36" "5.77.162.46" 0.012 0.012 .
82.202.188.2 - - [02/Jun/2021:03:17:28 +0400] "GET / HTTP/1.1" 301 169 "-" "Pingdom.com_bot_version_1.4_(http://www.pingdom.com/)" "196.245.151.42" 0.000 - .
82.202.188.2 - - [02/Jun/2021:03:17:28 +0400] "GET / HTTP/1.1" 200 979 "-" "Pingdom.com_bot_version_1.4_(http://www.pingdom.com/)" "196.245.151.42" 0.000 - .
82.202.188.7 - - [02/Jun/2021:03:17:29 +0400] "GET /api/do/do/133362/files/4379565?profileId=18 HTTP/1.1" 200 237871 "https://aswa.am/claim-management/evaluation/view/DP21048974/18?backState=workspace.claim-management.damage-evaluation&backStateParams=%7B%22%23%22:null,%22hasDropdown%22:true,%22activeCM%22:0,%22state%22:%7B%22filterRows%22:%7B%220%22:%7B%22evaluationStatus%22:%22NEW%22%7D%7D%7D%7D" "Mozilla/5.0 (Windows NT 10.0; Win64; x64) AppleWebKit/537.36 (KHTML, like Gecko) Chrome/90.0.4430.212 Safari/537.36" "141.136.89.90" 0.116 0.116 .
82.202.188.7 - - [02/Jun/2021:03:17:29 +0400] "GET /api/do/do/133362/files/4379565/info?profileId=18 HTTP/1.1" 200 496 "https://aswa.am/claim-management/evaluation/view/DP21048974/18?backState=workspace.claim-management.damage-evaluation&backStateParams=%7B%22%23%22:null,%22hasDropdown%22:true,%22activeCM%22:0,%22state%22:%7B%22filterRows%22:%7B%220%22:%7B%22evaluationStatus%22:%22NEW%22%7D%7D%7D%7D" "Mozilla/5.0 (Windows NT 10.0; Win64; x64) AppleWebKit/537.36 (KHTML, like Gecko) Chrome/90.0.4430.212 Safari/537.36" "141.136.89.90" 0.101 0.100 .
82.202.188.7 - - [02/Jun/2021:03:17:30 +0400] "GET /api/do/do/133362/files/4379565?profileId=18 HTTP/1.1" 200 237681 "https://aswa.am/claim-management/evaluation/view/DP21048974/18?backState=workspace.claim-management.damage-evaluation&backStateParams=%7B%22%23%22:null,%22hasDropdown%22:true,%22activeCM%22:0,%22state%22:%7B%22filterRows%22:%7B%220%22:%7B%22evaluationStatus%22:%22NEW%22%7D%7D%7D%7D" "Mozilla/5.0 (Windows NT 10.0; Win64; x64) AppleWebKit/537.36 (KHTML, like Gecko) Chrome/90.0.4430.212 Safari/537.36" "141.136.89.90" 0.182 0.085 .
82.202.188.2 - - [02/Jun/2021:03:17:33 +0400] "GET /api/notification/notification/messages-ws/info?t=1622589453382 HTTP/1.1" 400 559 "https://aswa.am/claim-management/view-case/AYR280420211135719/324?backState=workspace.claim-management.accident-management&backStateParams=%7B%22%23%22:null,%22hasDropdown%22:true,%22activeTab%22:0,%22activeCM%22:0,%22states%22:%7B%22accidents%22:%7B%22f%22:%7B%220%22:%7B%22plateNumber%22:%2257QN%22%7D%7D%7D%7D%7D&visiblePages=accident&visiblePages=fault&visiblePages=faultDecision&visiblePages=damageInspection&visiblePages=damageEvaluation&visiblePages=damageDecision&visiblePages=medicalExpertise&visiblePages=compensation&visiblePages=logs" "Mozilla/5.0 (Windows NT 10.0; Win64; x64) AppleWebKit/537.36 (KHTML, like Gecko) Chrome/90.0.4430.85 Safari/537.36" "212.73.95.146" 0.000 - .
82.202.188.2 - - [02/Jun/2021:03:17:36 +0400] "POST /api/underwriting/files HTTP/1.1" 200 113 "https://aswa.am/underwriting/contract/create/create" "Mozilla/5.0 (Windows NT 6.1; Win64; x64) AppleWebKit/537.36 (KHTML, like Gecko) Chrome/91.0.4472.77 Safari/537.36" "5.77.162.46" 0.163 0.063 .
82.202.188.7 - - [02/Jun/2021:03:17:36 +0400] "GET /api/do/do/133362/files/4379564/info?profileId=18 HTTP/1.1" 200 493 "https://aswa.am/claim-management/evaluation/view/DP21048974/18?backState=workspace.claim-management.damage-evaluation&backStateParams=%7B%22%23%22:null,%22hasDropdown%22:true,%22activeCM%22:0,%22state%22:%7B%22filterRows%22:%7B%220%22:%7B%22evaluationStatus%22:%22NEW%22%7D%7D%7D%7D" "Mozilla/5.0 (Windows NT 10.0; Win64; x64) AppleWebKit/537.36 (KHTML, like Gecko) Chrome/90.0.4430.212 Safari/537.36" "141.136.89.90" 0.076 0.076 .
82.202.188.7 - - [02/Jun/2021:03:17:36 +0400] "GET /api/do/do/133362/files/4379564?profileId=18 HTTP/1.1" 200 246157 "https://aswa.am/claim-management/evaluation/view/DP21048974/18?backState=workspace.claim-management.damage-evaluation&backStateParams=%7B%22%23%22:null,%22hasDropdown%22:true,%22activeCM%22:0,%22state%22:%7B%22filterRows%22:%7B%220%22:%7B%22evaluationStatus%22:%22NEW%22%7D%7D%7D%7D" "Mozilla/5.0 (Windows NT 10.0; Win64; x64) AppleWebKit/537.36 (KHTML, like Gecko) Chrome/90.0.4430.212 Safari/537.36" "141.136.89.90" 0.288 0.091 .
82.202.188.2 - - [02/Jun/2021:03:17:36 +0400] "GET /api/underwriting/files/2128208 HTTP/1.1" 200 51199 "https://aswa.am/underwriting/contract/create/create" "Mozilla/5.0 (Windows NT 6.1; Win64; x64) AppleWebKit/537.36 (KHTML, like Gecko) Chrome/91.0.4472.77 Safari/537.36" "5.77.162.46" 0.035 0.036 .
82.202.188.7 - - [02/Jun/2021:03:17:36 +0400] "GET /api/do/do/133362/files/4379564?profileId=18 HTTP/1.1" 200 246070 "https://aswa.am/claim-management/evaluation/view/DP21048974/18?backState=workspace.claim-management.damage-evaluation&backStateParams=%7B%22%23%22:null,%22hasDropdown%22:true,%22activeCM%22:0,%22state%22:%7B%22filterRows%22:%7B%220%22:%7B%22evaluationStatus%22:%22NEW%22%7D%7D%7D%7D" "Mozilla/5.0 (Windows NT 10.0; Win64; x64) AppleWebKit/537.36 (KHTML, like Gecko) Chrome/90.0.4430.212 Safari/537.36" "141.136.89.90" 0.203 0.105 .
10.0.2.12 - - [02/Jun/2021:03:17:37 +0400] "GET /nginx_status HTTP/1.1" 200 115 "-" "Zabbix 4.4.10" "-" 0.000 - .
82.202.188.2 - - [02/Jun/2021:03:17:38 +0400] "POST /api/underwriting/contracts/9645615/releaseWork HTTP/1.1" 200 0 "https://aswa.am/underwriting/contract/create/9645615/20002376/draft?errorCode=0&orderStatus=2&orderId=a39f0c8a-0d1a-422b-a49e-92a807eff7b5" "Mozilla/5.0 (Windows NT 6.1; Win64; x64) AppleWebKit/537.36 (KHTML, like Gecko) Chrome/91.0.4472.77 Safari/537.36" "5.77.162.46" 0.030 0.029 .
82.202.188.7 - - [02/Jun/2021:03:17:38 +0400] "GET /api/underwriting/selfsigning/vehicle-insurance?plateNumber=05US019&recaptchaData=03AGdBq26GMDxjz6x-PIjK5v627Vhbg_OkN0uiRShaZ9xaIChK68X9zAfsE0UVfF3WFRaJF1GCIvnrDLzNaR_Mb8Nu26MCqYooIUv0If657fBcW2ARpee1LsTLkYWFX0e91zlUZ-fMMxK9lWMG3zAfLXDpLWWCkhmuLSYo0rwJLbgzSJmiTvjosXwe6YfyzEFlfY7fu2EoEJZntMFB-_1f5MZErMcRmk26AF5nRpGjOH4LHQ72N0gHfFXCM3kJODifwOQRVfLP42wMp-xZ9vozGUD1k0h30-fSzonPYYKnQ0xtqYGjUNObMiAwpSx_HqQ59PGS8josMStBRFaCGTrvNoFZ3uno89HEkGdBEgQgpNvrTJzL5VFeULxS-vpSGduU16Cyg-jKZtnCHE21E5OobIEgnkWkPqfEF7AwPTVblTl6dHQeT3VH79j0w3jLJVQJfnXBwqwG6eIoxwS2Ws2BV88UrOld1TNzKw&requestDateTime=2021-06-01T23:17:27.076Z HTTP/1.1" 200 172 "https://aswa.am/vehicle-insurance" "Mozilla/5.0 (Windows NT 10.0; Win64; x64) AppleWebKit/537.36 (KHTML, like Gecko) Chrome/91.0.4472.77 Safari/537.36" "193.176.84.213" 2.547 2.547 .
82.202.188.2 - - [02/Jun/2021:03:17:40 +0400] "POST /api/underwriting/files HTTP/1.1" 200 112 "https://aswa.am/underwriting/contract/create/create" "Mozilla/5.0 (Windows NT 6.1; Win64; x64) AppleWebKit/537.36 (KHTML, like Gecko) Chrome/91.0.4472.77 Safari/537.36" "5.77.162.46" 0.158 0.062 .
